// Jest Snapshot v1, https://goo.gl/fbAQLP

exports[`Not found report Does not return failing cases 1`] = `Array []`;
